TrueFalseTrueFalse